Archive member included to satisfy reference by file (symbol)

e:/clion_stm32_windows/gcc-arm-none-eabi/bin/../lib/gcc/arm-none-eabi/9.3.1/../../../../arm-none-eabi/lib/thumb/v7-m/nofp\libg.a(lib_a-errno.o)
                              CMakeFiles/Heating.elf.dir/Core/Src/syscalls.c.obj (__errno)
e:/clion_stm32_windows/gcc-arm-none-eabi/bin/../lib/gcc/arm-none-eabi/9.3.1/../../../../arm-none-eabi/lib/thumb/v7-m/nofp\libg.a(lib_a-exit.o)
                              e:/clion_stm32_windows/gcc-arm-none-eabi/bin/../lib/gcc/arm-none-eabi/9.3.1/../../../../arm-none-eabi/lib/thumb/v7-m/nofp/crt0.o (exit)
e:/clion_stm32_windows/gcc-arm-none-eabi/bin/../lib/gcc/arm-none-eabi/9.3.1/../../../../arm-none-eabi/lib/thumb/v7-m/nofp\libg.a(lib_a-impure.o)
                              e:/clion_stm32_windows/gcc-arm-none-eabi/bin/../lib/gcc/arm-none-eabi/9.3.1/../../../../arm-none-eabi/lib/thumb/v7-m/nofp\libg.a(lib_a-exit.o) (_global_impure_ptr)
e:/clion_stm32_windows/gcc-arm-none-eabi/bin/../lib/gcc/arm-none-eabi/9.3.1/../../../../arm-none-eabi/lib/thumb/v7-m/nofp\libg.a(lib_a-init.o)
                              e:/clion_stm32_windows/gcc-arm-none-eabi/bin/../lib/gcc/arm-none-eabi/9.3.1/../../../../arm-none-eabi/lib/thumb/v7-m/nofp/crt0.o (__libc_init_array)
e:/clion_stm32_windows/gcc-arm-none-eabi/bin/../lib/gcc/arm-none-eabi/9.3.1/../../../../arm-none-eabi/lib/thumb/v7-m/nofp\libg.a(lib_a-memset.o)
                              e:/clion_stm32_windows/gcc-arm-none-eabi/bin/../lib/gcc/arm-none-eabi/9.3.1/../../../../arm-none-eabi/lib/thumb/v7-m/nofp/crt0.o (memset)
e:/clion_stm32_windows/gcc-arm-none-eabi/bin/../lib/gcc/arm-none-eabi/9.3.1/../../../../arm-none-eabi/lib/thumb/v7-m/nofp\libg.a(lib_a-__call_atexit.o)
                              e:/clion_stm32_windows/gcc-arm-none-eabi/bin/../lib/gcc/arm-none-eabi/9.3.1/../../../../arm-none-eabi/lib/thumb/v7-m/nofp\libg.a(lib_a-exit.o) (__call_exitprocs)
e:/clion_stm32_windows/gcc-arm-none-eabi/bin/../lib/gcc/arm-none-eabi/9.3.1/../../../../arm-none-eabi/lib/thumb/v7-m/nofp\libg.a(lib_a-atexit.o)
                              e:/clion_stm32_windows/gcc-arm-none-eabi/bin/../lib/gcc/arm-none-eabi/9.3.1/../../../../arm-none-eabi/lib/thumb/v7-m/nofp\libg.a(lib_a-__call_atexit.o) (atexit)
e:/clion_stm32_windows/gcc-arm-none-eabi/bin/../lib/gcc/arm-none-eabi/9.3.1/../../../../arm-none-eabi/lib/thumb/v7-m/nofp\libg.a(lib_a-fini.o)
                              e:/clion_stm32_windows/gcc-arm-none-eabi/bin/../lib/gcc/arm-none-eabi/9.3.1/../../../../arm-none-eabi/lib/thumb/v7-m/nofp\libg.a(lib_a-__call_atexit.o) (__libc_fini_array)
e:/clion_stm32_windows/gcc-arm-none-eabi/bin/../lib/gcc/arm-none-eabi/9.3.1/../../../../arm-none-eabi/lib/thumb/v7-m/nofp\libg.a(lib_a-lock.o)
                              e:/clion_stm32_windows/gcc-arm-none-eabi/bin/../lib/gcc/arm-none-eabi/9.3.1/../../../../arm-none-eabi/lib/thumb/v7-m/nofp\libg.a(lib_a-__call_atexit.o) (__retarget_lock_acquire_recursive)
e:/clion_stm32_windows/gcc-arm-none-eabi/bin/../lib/gcc/arm-none-eabi/9.3.1/../../../../arm-none-eabi/lib/thumb/v7-m/nofp\libg.a(lib_a-__atexit.o)
                              e:/clion_stm32_windows/gcc-arm-none-eabi/bin/../lib/gcc/arm-none-eabi/9.3.1/../../../../arm-none-eabi/lib/thumb/v7-m/nofp\libg.a(lib_a-atexit.o) (__register_exitproc)

Allocating common symbols
Common symbol       size              file

__lock___atexit_recursive_mutex
                    0x1               e:/clion_stm32_windows/gcc-arm-none-eabi/bin/../lib/gcc/arm-none-eabi/9.3.1/../../../../arm-none-eabi/lib/thumb/v7-m/nofp\libg.a(lib_a-lock.o)
__lock___arc4random_mutex
                    0x1               e:/clion_stm32_windows/gcc-arm-none-eabi/bin/../lib/gcc/arm-none-eabi/9.3.1/../../../../arm-none-eabi/lib/thumb/v7-m/nofp\libg.a(lib_a-lock.o)
__lock___env_recursive_mutex
                    0x1               e:/clion_stm32_windows/gcc-arm-none-eabi/bin/../lib/gcc/arm-none-eabi/9.3.1/../../../../arm-none-eabi/lib/thumb/v7-m/nofp\libg.a(lib_a-lock.o)
__lock___sinit_recursive_mutex
                    0x1               e:/clion_stm32_windows/gcc-arm-none-eabi/bin/../lib/gcc/arm-none-eabi/9.3.1/../../../../arm-none-eabi/lib/thumb/v7-m/nofp\libg.a(lib_a-lock.o)
__lock___malloc_recursive_mutex
                    0x1               e:/clion_stm32_windows/gcc-arm-none-eabi/bin/../lib/gcc/arm-none-eabi/9.3.1/../../../../arm-none-eabi/lib/thumb/v7-m/nofp\libg.a(lib_a-lock.o)
__lock___at_quick_exit_mutex
                    0x1               e:/clion_stm32_windows/gcc-arm-none-eabi/bin/../lib/gcc/arm-none-eabi/9.3.1/../../../../arm-none-eabi/lib/thumb/v7-m/nofp\libg.a(lib_a-lock.o)
__lock___dd_hash_mutex
                    0x1               e:/clion_stm32_windows/gcc-arm-none-eabi/bin/../lib/gcc/arm-none-eabi/9.3.1/../../../../arm-none-eabi/lib/thumb/v7-m/nofp\libg.a(lib_a-lock.o)
[...]
Memory Configuration

Name             Origin             Length             Attributes
RAM              0x20000000         0x00005000         xrw
FLASH            0x08000000         0x00010000         xr
*default*        0x00000000         0xffffffff

Linker script and memory map

LOAD e:/clion_stm32_windows/gcc-arm-none-eabi/bin/../lib/gcc/arm-none-eabi/9.3.1/thumb/v7-m/nofp/crti.o
LOAD e:/clion_stm32_windows/gcc-arm-none-eabi/bin/../lib/gcc/arm-none-eabi/9.3.1/thumb/v7-m/nofp/crtbegin.o
LOAD e:/clion_stm32_windows/gcc-arm-none-eabi/bin/../lib/gcc/arm-none-eabi/9.3.1/../../../../arm-none-eabi/lib/thumb/v7-m/nofp/crt0.o
LOAD CMakeFiles/Heating.elf.dir/Core/Src/gpio.c.obj
LOAD CMakeFiles/Heating.elf.dir/Core/Src/i2c.c.obj
LOAD CMakeFiles/Heating.elf.dir/Core/Src/main.c.obj
LOAD CMakeFiles/Heating.elf.dir/Core/Src/oled.c.obj
LOAD CMakeFiles/Heating.elf.dir/Core/Src/stm32f1xx_hal_msp.c.obj
LOAD CMakeFiles/Heating.elf.dir/Core/Src/stm32f1xx_it.c.obj
LOAD CMakeFiles/Heating.elf.dir/Core/Src/syscalls.c.obj
LOAD CMakeFiles/Heating.elf.dir/Core/Src/system_stm32f1xx.c.obj
LOAD CMakeFiles/Heating.elf.dir/Drivers/STM32F1xx_HAL_Driver/Src/stm32f1xx_hal.c.obj
LOAD CMakeFiles/Heating.elf.dir/Drivers/STM32F1xx_HAL_Driver/Src/stm32f1xx_hal_cortex.c.obj
LOAD CMakeFiles/Heating.elf.dir/Drivers/STM32F1xx_HAL_Driver/Src/stm32f1xx_hal_dma.c.obj
LOAD CMakeFiles/Heating.elf.dir/Drivers/STM32F1xx_HAL_Driver/Src/stm32f1xx_hal_exti.c.obj
LOAD CMakeFiles/Heating.elf.dir/Drivers/STM32F1xx_HAL_Driver/Src/stm32f1xx_hal_flash.c.obj
LOAD CMakeFiles/Heating.elf.dir/Drivers/STM32F1xx_HAL_Driver/Src/stm32f1xx_hal_flash_ex.c.obj
LOAD CMakeFiles/Heating.elf.dir/Drivers/STM32F1xx_HAL_Driver/Src/stm32f1xx_hal_gpio.c.obj
LOAD CMakeFiles/Heating.elf.dir/Drivers/STM32F1xx_HAL_Driver/Src/stm32f1xx_hal_gpio_ex.c.obj
LOAD CMakeFiles/Heating.elf.dir/Drivers/STM32F1xx_HAL_Driver/Src/stm32f1xx_hal_i2c.c.obj
LOAD CMakeFiles/Heating.elf.dir/Drivers/STM32F1xx_HAL_Driver/Src/stm32f1xx_hal_pwr.c.obj
LOAD CMakeFiles/Heating.elf.dir/Drivers/STM32F1xx_HAL_Driver/Src/stm32f1xx_hal_rcc.c.obj
LOAD CMakeFiles/Heating.elf.dir/Drivers/STM32F1xx_HAL_Driver/Src/stm32f1xx_hal_rcc_ex.c.obj
LOAD CMakeFiles/Heating.elf.dir/Drivers/STM32F1xx_HAL_Driver/Src/stm32f1xx_hal_tim.c.obj
LOAD CMakeFiles/Heating.elf.dir/Drivers/STM32F1xx_HAL_Driver/Src/stm32f1xx_hal_tim_ex.c.obj
LOAD CMakeFiles/Heating.elf.dir/startup/startup_stm32f103xb.s.obj
START GROUP
LOAD e:/clion_stm32_windows/gcc-arm-none-eabi/bin/../lib/gcc/arm-none-eabi/9.3.1/thumb/v7-m/nofp\libgcc.a
LOAD e:/clion_stm32_windows/gcc-arm-none-eabi/bin/../lib/gcc/arm-none-eabi/9.3.1/../../../../arm-none-eabi/lib/thumb/v7-m/nofp\libg.a
LOAD e:/clion_stm32_windows/gcc-arm-none-eabi/bin/../lib/gcc/arm-none-eabi/9.3.1/../../../../arm-none-eabi/lib/thumb/v7-m/nofp\libc.a
END GROUP
LOAD e:/clion_stm32_windows/gcc-arm-none-eabi/bin/../lib/gcc/arm-none-eabi/9.3.1/thumb/v7-m/nofp/crtend.o
LOAD e:/clion_stm32_windows/gcc-arm-none-eabi/bin/../lib/gcc/arm-none-eabi/9.3.1/thumb/v7-m/nofp/crtn.o
                0x20005000                _estack = 0x20005000
                0x00000200                _Min_Heap_Size = 0x200
                0x00000400                _Min_Stack_Size = 0x400

.isr_vector     0x08000000      0x10c
                0x08000000                . = ALIGN (0x4)
 *(.isr_vector)
 .isr_vector    0x08000000      0x10c CMakeFiles/Heating.elf.dir/startup/startup_stm32f103xb.s.obj
                0x08000000                g_pfnVectors
                0x0800010c                . = ALIGN (0x4)

.text           0x0800010c     0x1608
                0x0800010c                . = ALIGN (0x4)
 *(.text)
 .text          0x0800010c       0x40 e:/clion_stm32_windows/gcc-arm-none-eabi/bin/../lib/gcc/arm-none-eabi/9.3.1/thumb/v7-m/nofp/crtbegin.o
 *(.text*)
 .text.MX_GPIO_Init
                0x0800014c       0x54 CMakeFiles/Heating.elf.dir/Core/Src/gpio.c.obj
                0x0800014c                MX_GPIO_Init
 .text.MX_I2C1_Init
                0x080001a0       0x3c CMakeFiles/Heating.elf.dir/Core/Src/i2c.c.obj
                0x080001a0                MX_I2C1_Init
 .text.HAL_I2C_MspInit
                0x080001dc       0x64 CMakeFiles/Heating.elf.dir/Core/Src/i2c.c.obj
                0x080001dc                HAL_I2C_MspInit
 .text.OLED_ShowSta
                0x08000240       0x42 CMakeFiles/Heating.elf.dir/Core/Src/main.c.obj
                0x08000240                OLED_ShowSta
 *fill*         0x08000282        0x2 
 .text.OLED_ShowFun
                0x08000284       0x34 CMakeFiles/Heating.elf.dir/Core/Src/main.c.obj
                0x08000284                OLED_ShowFun
 .text.Error_Handler
                0x080002b8        0x4 CMakeFiles/Heating.elf.dir/Core/Src/main.c.obj
                0x080002b8                Error_Handler
 .text.SystemClock_Config
                0x080002bc       0x62 CMakeFiles/Heating.elf.dir/Core/Src/main.c.obj
                0x080002bc                SystemClock_Config
 .text.main     0x0800031e       0x30 CMakeFiles/Heating.elf.dir/Core/Src/main.c.obj
                0x0800031e                main
 *fill*         0x0800034e        0x2 
 .text.WriteCmd
                0x08000350       0x38 CMakeFiles/Heating.elf.dir/Core/Src/oled.c.obj
                0x08000350                WriteCmd
 .text.OLED_WR_CMD
                0x08000388       0x2c CMakeFiles/Heating.elf.dir/Core/Src/oled.c.obj
                0x08000388                OLED_WR_CMD
 .text.OLED_WR_DATA
                0x080003b4       0x2c CMakeFiles/Heating.elf.dir/Core/Src/oled.c.obj
                0x080003b4                OLED_WR_DATA
 .text.OLED_Init
                0x080003e0        0xe CMakeFiles/Heating.elf.dir/Core/Src/oled.c.obj
                0x080003e0                OLED_Init
 .text.OLED_Clear
                0x080003ee       0x3a CMakeFiles/Heating.elf.dir/Core/Src/oled.c.obj
                0x080003ee                OLED_Clear
 .text.OLED_Set_Pos
                0x08000428       0x22 CMakeFiles/Heating.elf.dir/Core/Src/oled.c.obj
                0x08000428                OLED_Set_Pos
 *fill*         0x0800044a        0x2 
 .text.OLED_ShowChar
                0x0800044c       0x90 CMakeFiles/Heating.elf.dir/Core/Src/oled.c.obj
                0x0800044c                OLED_ShowChar
 .text.OLED_ShowString
                0x080004dc       0x36 CMakeFiles/Heating.elf.dir/Core/Src/oled.c.obj
                0x080004dc                OLED_ShowString
 *fill*         0x08000512        0x2 
 .text.OLED_Show16_16
                0x08000514       0x50 CMakeFiles/Heating.elf.dir/Core/Src/oled.c.obj
                0x08000514                OLED_Show16_16
 .text.HAL_MspInit
                0x08000564       0x44 CMakeFiles/Heating.elf.dir/Core/Src/stm32f1xx_hal_msp.c.obj
                0x08000564                HAL_MspInit
 .text.NMI_Handler
                0x080005a8        0x2 CMakeFiles/Heating.elf.dir/Core/Src/stm32f1xx_it.c.obj
                0x080005a8                NMI_Handler
 .text.HardFault_Handler
                0x080005aa        0x2 CMakeFiles/Heating.elf.dir/Core/Src/stm32f1xx_it.c.obj
                0x080005aa                HardFault_Handler
 .text.MemManage_Handler
                0x080005ac        0x2 CMakeFiles/Heating.elf.dir/Core/Src/stm32f1xx_it.c.obj
                0x080005ac                MemManage_Handler
 .text.BusFault_Handler
                0x080005ae        0x2 CMakeFiles/Heating.elf.dir/Core/Src/stm32f1xx_it.c.obj
                0x080005ae                BusFault_Handler
 .text.UsageFault_Handler
                0x080005b0        0x2 CMakeFiles/Heating.elf.dir/Core/Src/stm32f1xx_it.c.obj
                0x080005b0                UsageFault_Handler
 .text.SVC_Handler
                0x080005b2        0x2 CMakeFiles/Heating.elf.dir/Core/Src/stm32f1xx_it.c.obj
                0x080005b2                SVC_Handler
 .text.DebugMon_Handler
                0x080005b4        0x2 CMakeFiles/Heating.elf.dir/Core/Src/stm32f1xx_it.c.obj
                0x080005b4                DebugMon_Handler
 .text.PendSV_Handler
                0x080005b6        0x2 CMakeFiles/Heating.elf.dir/Core/Src/stm32f1xx_it.c.obj
                0x080005b6                PendSV_Handler
 .text.SysTick_Handler
                0x080005b8        0x8 CMakeFiles/Heating.elf.dir/Core/Src/stm32f1xx_it.c.obj
                0x080005b8                SysTick_Handler
 .text.SystemInit
                0x080005c0        0x2 CMakeFiles/Heating.elf.dir/Core/Src/system_stm32f1xx.c.obj
                0x080005c0                SystemInit
 *fill*         0x080005c2        0x2 
 .text.HAL_InitTick
                0x080005c4       0x4c CMakeFiles/Heating.elf.dir/Drivers/STM32F1xx_HAL_Driver/Src/stm32f1xx_hal.c.obj
                0x080005c4                HAL_InitTick
 .text.HAL_Init
                0x08000610       0x24 CMakeFiles/Heating.elf.dir/Drivers/STM32F1xx_HAL_Driver/Src/stm32f1xx_hal.c.obj
                0x08000610                HAL_Init
 .text.HAL_IncTick
                0x08000634       0x18 CMakeFiles/Heating.elf.dir/Drivers/STM32F1xx_HAL_Driver/Src/stm32f1xx_hal.c.obj
                0x08000634                HAL_IncTick
 .text.HAL_GetTick
                0x0800064c        0xc CMakeFiles/Heating.elf.dir/Drivers/STM32F1xx_HAL_Driver/Src/stm32f1xx_hal.c.obj
                0x0800064c                HAL_GetTick
 .text.HAL_Delay
                0x08000658       0x28 CMakeFiles/Heating.elf.dir/Drivers/STM32F1xx_HAL_Driver/Src/stm32f1xx_hal.c.obj
                0x08000658                HAL_Delay
 .text.HAL_NVIC_SetPriorityGrouping
                0x08000680       0x24 CMakeFiles/Heating.elf.dir/Drivers/STM32F1xx_HAL_Driver/Src/stm32f1xx_hal_cortex.c.obj
                0x08000680                HAL_NVIC_SetPriorityGrouping
 .text.HAL_NVIC_SetPriority
                0x080006a4       0x68 CMakeFiles/Heating.elf.dir/Drivers/STM32F1xx_HAL_Driver/Src/stm32f1xx_hal_cortex.c.obj
                0x080006a4                HAL_NVIC_SetPriority
 .text.HAL_SYSTICK_Config
                0x0800070c       0x2c CMakeFiles/Heating.elf.dir/Drivers/STM32F1xx_HAL_Driver/Src/stm32f1xx_hal_cortex.c.obj
                0x0800070c                HAL_SYSTICK_Config
 .text.HAL_GPIO_Init
                0x08000738      0x220 CMakeFiles/Heating.elf.dir/Drivers/STM32F1xx_HAL_Driver/Src/stm32f1xx_hal_gpio.c.obj
                0x08000738                HAL_GPIO_Init
 .text.I2C_IsAcknowledgeFailed
                0x08000958       0x32 CMakeFiles/Heating.elf.dir/Drivers/STM32F1xx_HAL_Driver/Src/stm32f1xx_hal_i2c.c.obj
 .text.I2C_WaitOnFlagUntilTimeout
                0x0800098a       0x74 CMakeFiles/Heating.elf.dir/Drivers/STM32F1xx_HAL_Driver/Src/stm32f1xx_hal_i2c.c.obj
 .text.I2C_WaitOnMasterAddressFlagUntilTimeout
                0x080009fe       0xaa CMakeFiles/Heating.elf.dir/Drivers/STM32F1xx_HAL_Driver/Src/stm32f1xx_hal_i2c.c.obj
 .text.I2C_WaitOnTXEFlagUntilTimeout
                0x08000aa8       0x54 CMakeFiles/Heating.elf.dir/Drivers/STM32F1xx_HAL_Driver/Src/stm32f1xx_hal_i2c.c.obj
 .text.I2C_RequestMemoryWrite
                0x08000afc       0xd8 CMakeFiles/Heating.elf.dir/Drivers/STM32F1xx_HAL_Driver/Src/stm32f1xx_hal_i2c.c.obj
 .text.I2C_WaitOnBTFFlagUntilTimeout
                0x08000bd4       0x54 CMakeFiles/Heating.elf.dir/Drivers/STM32F1xx_HAL_Driver/Src/stm32f1xx_hal_i2c.c.obj
 .text.HAL_I2C_Init
                0x08000c28      0x1bc CMakeFiles/Heating.elf.dir/Drivers/STM32F1xx_HAL_Driver/Src/stm32f1xx_hal_i2c.c.obj
                0x08000c28                HAL_I2C_Init
 .text.HAL_I2C_Mem_Write
                0x08000de4      0x164 CMakeFiles/Heating.elf.dir/Drivers/STM32F1xx_HAL_Driver/Src/stm32f1xx_hal_i2c.c.obj
                0x08000de4                HAL_I2C_Mem_Write
 .text.RCC_Delay
                0x08000f48       0x2c CMakeFiles/Heating.elf.dir/Drivers/STM32F1xx_HAL_Driver/Src/stm32f1xx_hal_rcc.c.obj
 .text.HAL_RCC_OscConfig
                0x08000f74      0x410 CMakeFiles/Heating.elf.dir/Drivers/STM32F1xx_HAL_Driver/Src/stm32f1xx_hal_rcc.c.obj
                0x08000f74                HAL_RCC_OscConfig
 .text.HAL_RCC_GetSysClockFreq
                0x08001384       0x6c CMakeFiles/Heating.elf.dir/Drivers/STM32F1xx_HAL_Driver/Src/stm32f1xx_hal_rcc.c.obj
                0x08001384                HAL_RCC_GetSysClockFreq
 .text.HAL_RCC_ClockConfig
                0x080013f0      0x16c CMakeFiles/Heating.elf.dir/Drivers/STM32F1xx_HAL_Driver/Src/stm32f1xx_hal_rcc.c.obj
                0x080013f0                HAL_RCC_ClockConfig
 .text.HAL_RCC_GetHCLKFreq
                0x0800155c        0xc CMakeFiles/Heating.elf.dir/Drivers/STM32F1xx_HAL_Driver/Src/stm32f1xx_hal_rcc.c.obj
                0x0800155c                HAL_RCC_GetHCLKFreq
 .text.HAL_RCC_GetPCLK1Freq
                0x08001568       0x20 CMakeFiles/Heating.elf.dir/Drivers/STM32F1xx_HAL_Driver/Src/stm32f1xx_hal_rcc.c.obj
                0x08001568                HAL_RCC_GetPCLK1Freq
 .text.Reset_Handler
                0x08001588       0x48 CMakeFiles/Heating.elf.dir/startup/startup_stm32f103xb.s.obj
                0x08001588                Reset_Handler
 .text.Default_Handler
                0x080015d0        0x2 CMakeFiles/Heating.elf.dir/startup/startup_stm32f103xb.s.obj
                0x080015d0                RTC_Alarm_IRQHandler
                0x080015d0                EXTI2_IRQHandler
                0x080015d0                TIM1_CC_IRQHandler
                0x080015d0                PVD_IRQHandler
                0x080015d0                EXTI3_IRQHandler
                0x080015d0                EXTI0_IRQHandler
                0x080015d0                I2C2_EV_IRQHandler
                0x080015d0                ADC1_2_IRQHandler
                0x080015d0                SPI1_IRQHandler
                0x080015d0                TAMPER_IRQHandler
                0x080015d0                DMA1_Channel4_IRQHandler
                0x080015d0                USART3_IRQHandler
                0x080015d0                RTC_IRQHandler
                0x080015d0                DMA1_Channel7_IRQHandler
                0x080015d0                CAN1_RX1_IRQHandler
                0x080015d0                TIM4_IRQHandler
                0x080015d0                I2C1_EV_IRQHandler
                0x080015d0                DMA1_Channel6_IRQHandler
                0x080015d0                TIM3_IRQHandler
                0x080015d0                RCC_IRQHandler
                0x080015d0                TIM1_TRG_COM_IRQHandler
                0x080015d0                DMA1_Channel1_IRQHandler
                0x080015d0                Default_Handler
                0x080015d0                EXTI15_10_IRQHandler
                0x080015d0                EXTI9_5_IRQHandler
                0x080015d0                SPI2_IRQHandler
                0x080015d0                DMA1_Channel5_IRQHandler
                0x080015d0                EXTI4_IRQHandler
                0x080015d0                USB_LP_CAN1_RX0_IRQHandler
                0x080015d0                USB_HP_CAN1_TX_IRQHandler
                0x080015d0                DMA1_Channel3_IRQHandler
                0x080015d0                TIM1_UP_IRQHandler
                0x080015d0                WWDG_IRQHandler
                0x080015d0                TIM2_IRQHandler
                0x080015d0                TIM1_BRK_IRQHandler
                0x080015d0                EXTI1_IRQHandler
                0x080015d0                USART2_IRQHandler
                0x080015d0                I2C2_ER_IRQHandler
                0x080015d0                DMA1_Channel2_IRQHandler
                0x080015d0                CAN1_SCE_IRQHandler
                0x080015d0                FLASH_IRQHandler
                0x080015d0                USART1_IRQHandler
                0x080015d0                I2C1_ER_IRQHandler
                0x080015d0                USBWakeUp_IRQHandler
 *fill*         0x080015d2        0x2 
 .text.__libc_init_array
                0x080015d4       0x48 e:/clion_stm32_windows/gcc-arm-none-eabi/bin/../lib/gcc/arm-none-eabi/9.3.1/../../../../arm-none-eabi/lib/thumb/v7-m/nofp\libg.a(lib_a-init.o)
                0x080015d4                __libc_init_array
 .text.startup.register_fini
                0x0800161c       0x14 e:/clion_stm32_windows/gcc-arm-none-eabi/bin/../lib/gcc/arm-none-eabi/9.3.1/../../../../arm-none-eabi/lib/thumb/v7-m/nofp\libg.a(lib_a-__call_atexit.o)
 .text.atexit   0x08001630        0xc e:/clion_stm32_windows/gcc-arm-none-eabi/bin/../lib/gcc/arm-none-eabi/9.3.1/../../../../arm-none-eabi/lib/thumb/v7-m/nofp\libg.a(lib_a-atexit.o)
                0x08001630                atexit
 .text.__libc_fini_array
                0x0800163c       0x2c e:/clion_stm32_windows/gcc-arm-none-eabi/bin/../lib/gcc/arm-none-eabi/9.3.1/../../../../arm-none-eabi/lib/thumb/v7-m/nofp\libg.a(lib_a-fini.o)
                0x0800163c                __libc_fini_array
 .text.__retarget_lock_acquire_recursive
                0x08001668        0x4 e:/clion_stm32_windows/gcc-arm-none-eabi/bin/../lib/gcc/arm-none-eabi/9.3.1/../../../../arm-none-eabi/lib/thumb/v7-m/nofp\libg.a(lib_a-lock.o)
                0x08001668                __retarget_lock_acquire_recursive
 .text.__retarget_lock_release_recursive
                0x0800166c        0x4 e:/clion_stm32_windows/gcc-arm-none-eabi/bin/../lib/gcc/arm-none-eabi/9.3.1/../../../../arm-none-eabi/lib/thumb/v7-m/nofp\libg.a(lib_a-lock.o)
                0x0800166c                __retarget_lock_release_recursive
 .text.__register_exitproc
                0x08001670       0x8c e:/clion_stm32_windows/gcc-arm-none-eabi/bin/../lib/gcc/arm-none-eabi/9.3.1/../../../../arm-none-eabi/lib/thumb/v7-m/nofp\libg.a(lib_a-__atexit.o)
                0x08001670                __register_exitproc
 *(.glue_7)
 .glue_7        0x080016fc        0x0 linker stubs
 *(.glue_7t)
 .glue_7t       0x080016fc        0x0 linker stubs
 *(.eh_frame)
 .eh_frame      0x080016fc        0x0 e:/clion_stm32_windows/gcc-arm-none-eabi/bin/../lib/gcc/arm-none-eabi/9.3.1/thumb/v7-m/nofp/crtbegin.o
 *(.init)
 .init          0x080016fc        0x4 e:/clion_stm32_windows/gcc-arm-none-eabi/bin/../lib/gcc/arm-none-eabi/9.3.1/thumb/v7-m/nofp/crti.o
                0x080016fc                _init
 .init          0x08001700        0x8 e:/clion_stm32_windows/gcc-arm-none-eabi/bin/../lib/gcc/arm-none-eabi/9.3.1/thumb/v7-m/nofp/crtn.o
 *(.fini)
 .fini          0x08001708        0x4 e:/clion_stm32_windows/gcc-arm-none-eabi/bin/../lib/gcc/arm-none-eabi/9.3.1/thumb/v7-m/nofp/crti.o
                0x08001708                _fini
 .fini          0x0800170c        0x8 e:/clion_stm32_windows/gcc-arm-none-eabi/bin/../lib/gcc/arm-none-eabi/9.3.1/thumb/v7-m/nofp/crtn.o
                0x08001714                . = ALIGN (0x4)
                0x08001714                _etext = .

.vfp11_veneer   0x08001714        0x0
 .vfp11_veneer  0x08001714        0x0 linker stubs

.v4_bx          0x08001714        0x0
 .v4_bx         0x08001714        0x0 linker stubs

.iplt           0x08001714        0x0
 .iplt          0x08001714        0x0 e:/clion_stm32_windows/gcc-arm-none-eabi/bin/../lib/gcc/arm-none-eabi/9.3.1/thumb/v7-m/nofp/crtbegin.o

.rodata         0x08001714      0xbd4
                0x08001714                . = ALIGN (0x4)
 *(.rodata)
 *(.rodata*)
 .rodata.OLED_ShowFun.str1.4
                0x08001714       0x1c CMakeFiles/Heating.elf.dir/Core/Src/main.c.obj
 .rodata.F6x8   0x08001730      0x228 CMakeFiles/Heating.elf.dir/Core/Src/oled.c.obj
                0x08001730                F6x8
 .rodata.F8X16  0x08001958      0x5e0 CMakeFiles/Heating.elf.dir/Core/Src/oled.c.obj
                0x08001958                F8X16
 .rodata.Hzk    0x08001f38      0x380 CMakeFiles/Heating.elf.dir/Core/Src/oled.c.obj
                0x08001f38                Hzk
 .rodata.AHBPrescTable
                0x080022b8       0x10 CMakeFiles/Heating.elf.dir/Core/Src/system_stm32f1xx.c.obj
                0x080022b8                AHBPrescTable
 .rodata.APBPrescTable
                0x080022c8        0x8 CMakeFiles/Heating.elf.dir/Core/Src/system_stm32f1xx.c.obj
                0x080022c8                APBPrescTable
 .rodata.HAL_RCC_GetSysClockFreq.str1.4
                0x080022d0       0x11 CMakeFiles/Heating.elf.dir/Drivers/STM32F1xx_HAL_Driver/Src/stm32f1xx_hal_rcc.c.obj
 *fill*         0x080022e1        0x3 
 .rodata._global_impure_ptr
                0x080022e4        0x4 e:/clion_stm32_windows/gcc-arm-none-eabi/bin/../lib/gcc/arm-none-eabi/9.3.1/../../../../arm-none-eabi/lib/thumb/v7-m/nofp\libg.a(lib_a-impure.o)
                0x080022e4                _global_impure_ptr
                0x080022e8                . = ALIGN (0x4)

.rel.dyn        0x080022e8        0x0
 .rel.iplt      0x080022e8        0x0 e:/clion_stm32_windows/gcc-arm-none-eabi/bin/../lib/gcc/arm-none-eabi/9.3.1/thumb/v7-m/nofp/crtbegin.o

.ARM.extab
 *(.ARM.extab* .gnu.linkonce.armextab.*)

.ARM            0x080022e8        0x0
                0x080022e8                __exidx_start = .
 *(.ARM.exidx*)
                0x080022e8                __exidx_end = .

.preinit_array  0x080022e8        0x0
                0x080022e8                PROVIDE (__preinit_array_start = .)
 *(.preinit_array*)
                0x080022e8                PROVIDE (__preinit_array_end = .)

.init_array     0x080022e8        0x8
                0x080022e8                PROVIDE (__init_array_start = .)
 *(SORT_BY_NAME(.init_array.*))
 .init_array.00000
                0x080022e8        0x4 e:/clion_stm32_windows/gcc-arm-none-eabi/bin/../lib/gcc/arm-none-eabi/9.3.1/../../../../arm-none-eabi/lib/thumb/v7-m/nofp\libg.a(lib_a-__call_atexit.o)
 *(.init_array*)
 .init_array    0x080022ec        0x4 e:/clion_stm32_windows/gcc-arm-none-eabi/bin/../lib/gcc/arm-none-eabi/9.3.1/thumb/v7-m/nofp/crtbegin.o
                0x080022f0                PROVIDE (__init_array_end = .)

.fini_array     0x080022f0        0x4
                0x080022f0                PROVIDE (__fini_array_start = .)
 *(SORT_BY_NAME(.fini_array.*))
 *(.fini_array*)
 .fini_array    0x080022f0        0x4 e:/clion_stm32_windows/gcc-arm-none-eabi/bin/../lib/gcc/arm-none-eabi/9.3.1/thumb/v7-m/nofp/crtbegin.o
                0x080022f4                PROVIDE (__fini_array_end = .)
                0x080022f4                _sidata = LOADADDR (.data)

.data           0x20000000      0x454 load address 0x080022f4
                0x20000000                . = ALIGN (0x4)
                0x20000000                _sdata = .
 *(.data)
 *(.data*)
 .data.CMD_Data
                0x20000000       0x1b CMakeFiles/Heating.elf.dir/Core/Src/oled.c.obj
                0x20000000                CMD_Data
 *fill*         0x2000001b        0x1 
 .data.SystemCoreClock
                0x2000001c        0x4 CMakeFiles/Heating.elf.dir/Core/Src/system_stm32f1xx.c.obj
                0x2000001c                SystemCoreClock
 .data.uwTickFreq
                0x20000020        0x1 CMakeFiles/Heating.elf.dir/Drivers/STM32F1xx_HAL_Driver/Src/stm32f1xx_hal.c.obj
                0x20000020                uwTickFreq
 *fill*         0x20000021        0x3 
 .data.uwTickPrio
                0x20000024        0x4 CMakeFiles/Heating.elf.dir/Drivers/STM32F1xx_HAL_Driver/Src/stm32f1xx_hal.c.obj
                0x20000024                uwTickPrio
 .data.impure_data
                0x20000028      0x428 e:/clion_stm32_windows/gcc-arm-none-eabi/bin/../lib/gcc/arm-none-eabi/9.3.1/../../../../arm-none-eabi/lib/thumb/v7-m/nofp\libg.a(lib_a-impure.o)
 .data.__atexit_recursive_mutex
                0x20000450        0x4 e:/clion_stm32_windows/gcc-arm-none-eabi/bin/../lib/gcc/arm-none-eabi/9.3.1/../../../../arm-none-eabi/lib/thumb/v7-m/nofp\libg.a(lib_a-__call_atexit.o)
                0x20000450                __atexit_recursive_mutex
                0x20000454                . = ALIGN (0x4)
                0x20000454                _edata = .

.igot.plt       0x20000454        0x0 load address 0x08002748
 .igot.plt      0x20000454        0x0 e:/clion_stm32_windows/gcc-arm-none-eabi/bin/../lib/gcc/arm-none-eabi/9.3.1/thumb/v7-m/nofp/crtbegin.o
                0x20000454                . = ALIGN (0x4)

.bss            0x20000454       0x98 load address 0x08002748
                0x20000454                _sbss = .
                0x20000454                __bss_start__ = _sbss
 *(.bss)
 .bss           0x20000454       0x1c e:/clion_stm32_windows/gcc-arm-none-eabi/bin/../lib/gcc/arm-none-eabi/9.3.1/thumb/v7-m/nofp/crtbegin.o
 *(.bss*)
 .bss.hi2c1     0x20000470       0x54 CMakeFiles/Heating.elf.dir/Core/Src/i2c.c.obj
                0x20000470                hi2c1
 .bss.uwTick    0x200004c4        0x4 CMakeFiles/Heating.elf.dir/Drivers/STM32F1xx_HAL_Driver/Src/stm32f1xx_hal.c.obj
                0x200004c4                uwTick
 *(COMMON)
 COMMON         0x200004c8       0x21 e:/clion_stm32_windows/gcc-arm-none-eabi/bin/../lib/gcc/arm-none-eabi/9.3.1/../../../../arm-none-eabi/lib/thumb/v7-m/nofp\libg.a(lib_a-lock.o)
                0x200004c8                __lock___atexit_recursive_mutex
                0x200004cc                __lock___arc4random_mutex
                0x200004d0                __lock___env_recursive_mutex
                0x200004d4                __lock___sinit_recursive_mutex
                0x200004d8                __lock___malloc_recursive_mutex
                0x200004dc                __lock___at_quick_exit_mutex
                0x200004e0                __lock___dd_hash_mutex
                0x200004e4                __lock___tz_mutex
                0x200004e8                __lock___sfp_recursive_mutex
                0x200004ec                . = ALIGN (0x4)
 *fill*         0x200004e9        0x3 
                0x200004ec                _ebss = .
                0x200004ec                __bss_end__ = _ebss

._user_heap_stack
                0x200004ec      0x604 load address 0x08002748
                0x200004f0                . = ALIGN (0x8)
 *fill*         0x200004ec        0x4 
                0x200004f0                PROVIDE (end = .)
                [!provide]                PROVIDE (_end = .)
                0x200006f0                . = (. + _Min_Heap_Size)
 *fill*         0x200004f0      0x200 
                0x20000af0                . = (. + _Min_Stack_Size)
 *fill*         0x200006f0      0x400 
                0x20000af0                . = ALIGN (0x8)

/DISCARD/
 libc.a(*)
 libm.a(*)
 libgcc.a(*)

.ARM.attributes
                0x00000000       0x29
 *(.ARM.attributes)
 .ARM.attributes
                0x00000000       0x1d e:/clion_stm32_windows/gcc-arm-none-eabi/bin/../lib/gcc/arm-none-eabi/9.3.1/thumb/v7-m/nofp/crti.o
 .ARM.attributes
                0x0000001d       0x2d e:/clion_stm32_windows/gcc-arm-none-eabi/bin/../lib/gcc/arm-none-eabi/9.3.1/thumb/v7-m/nofp/crtbegin.o
 .ARM.attributes
                0x0000004a       0x2d CMakeFiles/Heating.elf.dir/Core/Src/gpio.c.obj
 .ARM.attributes
                0x00000077       0x2d CMakeFiles/Heating.elf.dir/Core/Src/i2c.c.obj
 .ARM.attributes
                0x000000a4       0x2d CMakeFiles/Heating.elf.dir/Core/Src/main.c.obj
 .ARM.attributes
                0x000000d1       0x2d CMakeFiles/Heating.elf.dir/Core/Src/oled.c.obj
 .ARM.attributes
                0x000000fe       0x2d CMakeFiles/Heating.elf.dir/Core/Src/stm32f1xx_hal_msp.c.obj
 .ARM.attributes
                0x0000012b       0x2d CMakeFiles/Heating.elf.dir/Core/Src/stm32f1xx_it.c.obj
 .ARM.attributes
                0x00000158       0x2d CMakeFiles/Heating.elf.dir/Core/Src/system_stm32f1xx.c.obj
 .ARM.attributes
                0x00000185       0x2d CMakeFiles/Heating.elf.dir/Drivers/STM32F1xx_HAL_Driver/Src/stm32f1xx_hal.c.obj
 .ARM.attributes
                0x000001b2       0x2d CMakeFiles/Heating.elf.dir/Drivers/STM32F1xx_HAL_Driver/Src/stm32f1xx_hal_cortex.c.obj
 .ARM.attributes
                0x000001df       0x2d CMakeFiles/Heating.elf.dir/Drivers/STM32F1xx_HAL_Driver/Src/stm32f1xx_hal_gpio.c.obj
 .ARM.attributes
                0x0000020c       0x2d CMakeFiles/Heating.elf.dir/Drivers/STM32F1xx_HAL_Driver/Src/stm32f1xx_hal_i2c.c.obj
 .ARM.attributes
                0x00000239       0x2d CMakeFiles/Heating.elf.dir/Drivers/STM32F1xx_HAL_Driver/Src/stm32f1xx_hal_rcc.c.obj
 .ARM.attributes
                0x00000266       0x21 CMakeFiles/Heating.elf.dir/startup/startup_stm32f103xb.s.obj
 .ARM.attributes
                0x00000287       0x2d e:/clion_stm32_windows/gcc-arm-none-eabi/bin/../lib/gcc/arm-none-eabi/9.3.1/../../../../arm-none-eabi/lib/thumb/v7-m/nofp\libg.a(lib_a-impure.o)
 .ARM.attributes
                0x000002b4       0x2d e:/clion_stm32_windows/gcc-arm-none-eabi/bin/../lib/gcc/arm-none-eabi/9.3.1/../../../../arm-none-eabi/lib/thumb/v7-m/nofp\libg.a(lib_a-init.o)
 .ARM.attributes
                0x000002e1       0x2d e:/clion_stm32_windows/gcc-arm-none-eabi/bin/../lib/gcc/arm-none-eabi/9.3.1/../../../../arm-none-eabi/lib/thumb/v7-m/nofp\libg.a(lib_a-__call_atexit.o)
 .ARM.attributes
                0x0000030e       0x2d e:/clion_stm32_windows/gcc-arm-none-eabi/bin/../lib/gcc/arm-none-eabi/9.3.1/../../../../arm-none-eabi/lib/thumb/v7-m/nofp\libg.a(lib_a-atexit.o)
 .ARM.attributes
                0x0000033b       0x2d e:/clion_stm32_windows/gcc-arm-none-eabi/bin/../lib/gcc/arm-none-eabi/9.3.1/../../../../arm-none-eabi/lib/thumb/v7-m/nofp\libg.a(lib_a-fini.o)
 .ARM.attributes
                0x00000368       0x2d e:/clion_stm32_windows/gcc-arm-none-eabi/bin/../lib/gcc/arm-none-eabi/9.3.1/../../../../arm-none-eabi/lib/thumb/v7-m/nofp\libg.a(lib_a-lock.o)
 .ARM.attributes
                0x00000395       0x2d e:/clion_stm32_windows/gcc-arm-none-eabi/bin/../lib/gcc/arm-none-eabi/9.3.1/../../../../arm-none-eabi/lib/thumb/v7-m/nofp\libg.a(lib_a-__atexit.o)
 .ARM.attributes
                0x000003c2       0x1d e:/clion_stm32_windows/gcc-arm-none-eabi/bin/../lib/gcc/arm-none-eabi/9.3.1/thumb/v7-m/nofp/crtn.o
OUTPUT(Heating.elf elf32-littlearm)
LOAD linker stubs
LOAD e:/clion_stm32_windows/gcc-arm-none-eabi/bin/../lib/gcc/arm-none-eabi/9.3.1/../../../../arm-none-eabi/lib/thumb/v7-m/nofp\libc.a
LOAD e:/clion_stm32_windows/gcc-arm-none-eabi/bin/../lib/gcc/arm-none-eabi/9.3.1/../../../../arm-none-eabi/lib/thumb/v7-m/nofp\libm.a
LOAD e:/clion_stm32_windows/gcc-arm-none-eabi/bin/../lib/gcc/arm-none-eabi/9.3.1/thumb/v7-m/nofp\libgcc.a

.debug_info     0x00000000     0x99ec
 .debug_info    0x00000000      0x2a2 CMakeFiles/Heating.elf.dir/Core/Src/gpio.c.obj
 .debug_info    0x000002a2      0x973 CMakeFiles/Heating.elf.dir/Core/Src/i2c.c.obj
 .debug_info    0x00000c15      0xa90 CMakeFiles/Heating.elf.dir/Core/Src/main.c.obj
 .debug_info    0x000016a5     0x1776 CMakeFiles/Heating.elf.dir/Core/Src/oled.c.obj
 .debug_info    0x00002e1b      0x2fd CMakeFiles/Heating.elf.dir/Core/Src/stm32f1xx_hal_msp.c.obj
 .debug_info    0x00003118      0x239 CMakeFiles/Heating.elf.dir/Core/Src/stm32f1xx_it.c.obj
 .debug_info    0x00003351      0x2c9 CMakeFiles/Heating.elf.dir/Core/Src/system_stm32f1xx.c.obj
 .debug_info    0x0000361a      0x831 CMakeFiles/Heating.elf.dir/Drivers/STM32F1xx_HAL_Driver/Src/stm32f1xx_hal.c.obj
 .debug_info    0x00003e4b      0xe46 CMakeFiles/Heating.elf.dir/Drivers/STM32F1xx_HAL_Driver/Src/stm32f1xx_hal_cortex.c.obj
 .debug_info    0x00004c91      0x75b CMakeFiles/Heating.elf.dir/Drivers/STM32F1xx_HAL_Driver/Src/stm32f1xx_hal_gpio.c.obj
 .debug_info    0x000053ec     0x3b33 CMakeFiles/Heating.elf.dir/Drivers/STM32F1xx_HAL_Driver/Src/stm32f1xx_hal_i2c.c.obj
 .debug_info    0x00008f1f      0xaab CMakeFiles/Heating.elf.dir/Drivers/STM32F1xx_HAL_Driver/Src/stm32f1xx_hal_rcc.c.obj
 .debug_info    0x000099ca       0x22 CMakeFiles/Heating.elf.dir/startup/startup_stm32f103xb.s.obj

.debug_abbrev   0x00000000     0x1891
 .debug_abbrev  0x00000000      0x11a CMakeFiles/Heating.elf.dir/Core/Src/gpio.c.obj
 .debug_abbrev  0x0000011a      0x1ed CMakeFiles/Heating.elf.dir/Core/Src/i2c.c.obj
 .debug_abbrev  0x00000307      0x247 CMakeFiles/Heating.elf.dir/Core/Src/main.c.obj
 .debug_abbrev  0x0000054e      0x2e4 CMakeFiles/Heating.elf.dir/Core/Src/oled.c.obj
 .debug_abbrev  0x00000832      0x12e CMakeFiles/Heating.elf.dir/Core/Src/stm32f1xx_hal_msp.c.obj
 .debug_abbrev  0x00000960       0xef CMakeFiles/Heating.elf.dir/Core/Src/stm32f1xx_it.c.obj
 .debug_abbrev  0x00000a4f      0x151 CMakeFiles/Heating.elf.dir/Core/Src/system_stm32f1xx.c.obj
 .debug_abbrev  0x00000ba0      0x219 CMakeFiles/Heating.elf.dir/Drivers/STM32F1xx_HAL_Driver/Src/stm32f1xx_hal.c.obj
 .debug_abbrev  0x00000db9      0x367 CMakeFiles/Heating.elf.dir/Drivers/STM32F1xx_HAL_Driver/Src/stm32f1xx_hal_cortex.c.obj
 .debug_abbrev  0x00001120      0x213 CMakeFiles/Heating.elf.dir/Drivers/STM32F1xx_HAL_Driver/Src/stm32f1xx_hal_gpio.c.obj
 .debug_abbrev  0x00001333      0x2bf CMakeFiles/Heating.elf.dir/Drivers/STM32F1xx_HAL_Driver/Src/stm32f1xx_hal_i2c.c.obj
 .debug_abbrev  0x000015f2      0x28d CMakeFiles/Heating.elf.dir/Drivers/STM32F1xx_HAL_Driver/Src/stm32f1xx_hal_rcc.c.obj
 .debug_abbrev  0x0000187f       0x12 CMakeFiles/Heating.elf.dir/startup/startup_stm32f103xb.s.obj

.debug_aranges  0x00000000      0x6e0
 .debug_aranges
                0x00000000       0x20 CMakeFiles/Heating.elf.dir/Core/Src/gpio.c.obj
 .debug_aranges
                0x00000020       0x30 CMakeFiles/Heating.elf.dir/Core/Src/i2c.c.obj
 .debug_aranges
                0x00000050       0x40 CMakeFiles/Heating.elf.dir/Core/Src/main.c.obj
 .debug_aranges
                0x00000090       0x88 CMakeFiles/Heating.elf.dir/Core/Src/oled.c.obj
 .debug_aranges
                0x00000118       0x20 CMakeFiles/Heating.elf.dir/Core/Src/stm32f1xx_hal_msp.c.obj
 .debug_aranges
                0x00000138       0x60 CMakeFiles/Heating.elf.dir/Core/Src/stm32f1xx_it.c.obj
 .debug_aranges
                0x00000198       0x28 CMakeFiles/Heating.elf.dir/Core/Src/system_stm32f1xx.c.obj
 .debug_aranges
                0x000001c0       0xe0 CMakeFiles/Heating.elf.dir/Drivers/STM32F1xx_HAL_Driver/Src/stm32f1xx_hal.c.obj
 .debug_aranges
                0x000002a0       0x90 CMakeFiles/Heating.elf.dir/Drivers/STM32F1xx_HAL_Driver/Src/stm32f1xx_hal_cortex.c.obj
 .debug_aranges
                0x00000330       0x58 CMakeFiles/Heating.elf.dir/Drivers/STM32F1xx_HAL_Driver/Src/stm32f1xx_hal_gpio.c.obj
 .debug_aranges
                0x00000388      0x2a0 CMakeFiles/Heating.elf.dir/Drivers/STM32F1xx_HAL_Driver/Src/stm32f1xx_hal_i2c.c.obj
 .debug_aranges
                0x00000628       0x90 CMakeFiles/Heating.elf.dir/Drivers/STM32F1xx_HAL_Driver/Src/stm32f1xx_hal_rcc.c.obj
 .debug_aranges
                0x000006b8       0x28 CMakeFiles/Heating.elf.dir/startup/startup_stm32f103xb.s.obj

.debug_ranges   0x00000000      0x6c8
 .debug_ranges  0x00000000       0x10 CMakeFiles/Heating.elf.dir/Core/Src/gpio.c.obj
 .debug_ranges  0x00000010       0x20 CMakeFiles/Heating.elf.dir/Core/Src/i2c.c.obj
 .debug_ranges  0x00000030       0x48 CMakeFiles/Heating.elf.dir/Core/Src/main.c.obj
 .debug_ranges  0x00000078       0x78 CMakeFiles/Heating.elf.dir/Core/Src/oled.c.obj
 .debug_ranges  0x000000f0       0x10 CMakeFiles/Heating.elf.dir/Core/Src/stm32f1xx_hal_msp.c.obj
 .debug_ranges  0x00000100       0x50 CMakeFiles/Heating.elf.dir/Core/Src/stm32f1xx_it.c.obj
 .debug_ranges  0x00000150       0x18 CMakeFiles/Heating.elf.dir/Core/Src/system_stm32f1xx.c.obj
 .debug_ranges  0x00000168       0xd0 CMakeFiles/Heating.elf.dir/Drivers/STM32F1xx_HAL_Driver/Src/stm32f1xx_hal.c.obj
 .debug_ranges  0x00000238       0xe0 CMakeFiles/Heating.elf.dir/Drivers/STM32F1xx_HAL_Driver/Src/stm32f1xx_hal_cortex.c.obj
 .debug_ranges  0x00000318       0x48 CMakeFiles/Heating.elf.dir/Drivers/STM32F1xx_HAL_Driver/Src/stm32f1xx_hal_gpio.c.obj
 .debug_ranges  0x00000360      0x2a8 CMakeFiles/Heating.elf.dir/Drivers/STM32F1xx_HAL_Driver/Src/stm32f1xx_hal_i2c.c.obj
 .debug_ranges  0x00000608       0xa0 CMakeFiles/Heating.elf.dir/Drivers/STM32F1xx_HAL_Driver/Src/stm32f1xx_hal_rcc.c.obj
 .debug_ranges  0x000006a8       0x20 CMakeFiles/Heating.elf.dir/startup/startup_stm32f103xb.s.obj

.debug_line     0x00000000     0x8fd3
 .debug_line    0x00000000      0x22f CMakeFiles/Heating.elf.dir/Core/Src/gpio.c.obj
 .debug_line    0x0000022f      0x38d CMakeFiles/Heating.elf.dir/Core/Src/i2c.c.obj
 .debug_line    0x000005bc      0x481 CMakeFiles/Heating.elf.dir/Core/Src/main.c.obj
 .debug_line    0x00000a3d      0x822 CMakeFiles/Heating.elf.dir/Core/Src/oled.c.obj
 .debug_line    0x0000125f      0x237 CMakeFiles/Heating.elf.dir/Core/Src/stm32f1xx_hal_msp.c.obj
 .debug_line    0x00001496      0x302 CMakeFiles/Heating.elf.dir/Core/Src/stm32f1xx_it.c.obj
 .debug_line    0x00001798      0x2ea CMakeFiles/Heating.elf.dir/Core/Src/system_stm32f1xx.c.obj
 .debug_line    0x00001a82      0x57a CMakeFiles/Heating.elf.dir/Drivers/STM32F1xx_HAL_Driver/Src/stm32f1xx_hal.c.obj
 .debug_line    0x00001ffc      0x6d0 CMakeFiles/Heating.elf.dir/Drivers/STM32F1xx_HAL_Driver/Src/stm32f1xx_hal_cortex.c.obj
 .debug_line    0x000026cc      0x67c CMakeFiles/Heating.elf.dir/Drivers/STM32F1xx_HAL_Driver/Src/stm32f1xx_hal_gpio.c.obj
 .debug_line    0x00002d48     0x5558 CMakeFiles/Heating.elf.dir/Drivers/STM32F1xx_HAL_Driver/Src/stm32f1xx_hal_i2c.c.obj
 .debug_line    0x000082a0      0xc97 CMakeFiles/Heating.elf.dir/Drivers/STM32F1xx_HAL_Driver/Src/stm32f1xx_hal_rcc.c.obj
 .debug_line    0x00008f37       0x9c CMakeFiles/Heating.elf.dir/startup/startup_stm32f103xb.s.obj

.debug_str      0x00000000     0x2626
 .debug_str     0x00000000      0x2ab CMakeFiles/Heating.elf.dir/Core/Src/gpio.c.obj
                                0x2f8 (size before relaxing)
 .debug_str     0x000002ab      0x529 CMakeFiles/Heating.elf.dir/Core/Src/i2c.c.obj
                                0x835 (size before relaxing)
 .debug_str     0x000007d4      0x1f3 CMakeFiles/Heating.elf.dir/Core/Src/main.c.obj
                                0x927 (size before relaxing)
 .debug_str     0x000009c7      0x4b0 CMakeFiles/Heating.elf.dir/Core/Src/oled.c.obj
                                0xc04 (size before relaxing)
 .debug_str     0x00000e77       0x76 CMakeFiles/Heating.elf.dir/Core/Src/stm32f1xx_hal_msp.c.obj
                                0x332 (size before relaxing)
 .debug_str     0x00000eed       0xd3 CMakeFiles/Heating.elf.dir/Core/Src/stm32f1xx_it.c.obj
                                0x349 (size before relaxing)
 .debug_str     0x00000fc0       0x6e CMakeFiles/Heating.elf.dir/Core/Src/system_stm32f1xx.c.obj
                                0x329 (size before relaxing)
 .debug_str     0x0000102e      0x589 CMakeFiles/Heating.elf.dir/Drivers/STM32F1xx_HAL_Driver/Src/stm32f1xx_hal.c.obj
                                0x8a6 (size before relaxing)
 .debug_str     0x000015b7      0x3d7 CMakeFiles/Heating.elf.dir/Drivers/STM32F1xx_HAL_Driver/Src/stm32f1xx_hal_cortex.c.obj
                                0x9c2 (size before relaxing)
 .debug_str     0x0000198e      0x15f CMakeFiles/Heating.elf.dir/Drivers/STM32F1xx_HAL_Driver/Src/stm32f1xx_hal_gpio.c.obj
                                0x513 (size before relaxing)
 .debug_str     0x00001aed      0x8fe CMakeFiles/Heating.elf.dir/Drivers/STM32F1xx_HAL_Driver/Src/stm32f1xx_hal_i2c.c.obj
                               0x10a9 (size before relaxing)
 .debug_str     0x000023eb      0x1f0 CMakeFiles/Heating.elf.dir/Drivers/STM32F1xx_HAL_Driver/Src/stm32f1xx_hal_rcc.c.obj
                                0x6f5 (size before relaxing)
 .debug_str     0x000025db       0x4b CMakeFiles/Heating.elf.dir/startup/startup_stm32f103xb.s.obj
                                 0x7c (size before relaxing)

.comment        0x00000000       0x4c
 .comment       0x00000000       0x4c CMakeFiles/Heating.elf.dir/Core/Src/gpio.c.obj
                                 0x4d (size before relaxing)
 .comment       0x0000004c       0x4d CMakeFiles/Heating.elf.dir/Core/Src/i2c.c.obj
 .comment       0x0000004c       0x4d CMakeFiles/Heating.elf.dir/Core/Src/main.c.obj
 .comment       0x0000004c       0x4d CMakeFiles/Heating.elf.dir/Core/Src/oled.c.obj
 .comment       0x0000004c       0x4d CMakeFiles/Heating.elf.dir/Core/Src/stm32f1xx_hal_msp.c.obj
 .comment       0x0000004c       0x4d CMakeFiles/Heating.elf.dir/Core/Src/stm32f1xx_it.c.obj
 .comment       0x0000004c       0x4d CMakeFiles/Heating.elf.dir/Core/Src/system_stm32f1xx.c.obj
 .comment       0x0000004c       0x4d CMakeFiles/Heating.elf.dir/Drivers/STM32F1xx_HAL_Driver/Src/stm32f1xx_hal.c.obj
 .comment       0x0000004c       0x4d CMakeFiles/Heating.elf.dir/Drivers/STM32F1xx_HAL_Driver/Src/stm32f1xx_hal_cortex.c.obj
 .comment       0x0000004c       0x4d CMakeFiles/Heating.elf.dir/Drivers/STM32F1xx_HAL_Driver/Src/stm32f1xx_hal_gpio.c.obj
 .comment       0x0000004c       0x4d CMakeFiles/Heating.elf.dir/Drivers/STM32F1xx_HAL_Driver/Src/stm32f1xx_hal_i2c.c.obj
 .comment       0x0000004c       0x4d CMakeFiles/Heating.elf.dir/Drivers/STM32F1xx_HAL_Driver/Src/stm32f1xx_hal_rcc.c.obj

.debug_frame    0x00000000     0x144c
 .debug_frame   0x00000000       0x28 CMakeFiles/Heating.elf.dir/Core/Src/gpio.c.obj
 .debug_frame   0x00000028       0x60 CMakeFiles/Heating.elf.dir/Core/Src/i2c.c.obj
 .debug_frame   0x00000088       0x8c CMakeFiles/Heating.elf.dir/Core/Src/main.c.obj
 .debug_frame   0x00000114      0x198 CMakeFiles/Heating.elf.dir/Core/Src/oled.c.obj
 .debug_frame   0x000002ac       0x28 CMakeFiles/Heating.elf.dir/Core/Src/stm32f1xx_hal_msp.c.obj
 .debug_frame   0x000002d4       0xa8 CMakeFiles/Heating.elf.dir/Core/Src/stm32f1xx_it.c.obj
 .debug_frame   0x0000037c       0x30 CMakeFiles/Heating.elf.dir/Core/Src/system_stm32f1xx.c.obj
 .debug_frame   0x000003ac      0x1cc CMakeFiles/Heating.elf.dir/Drivers/STM32F1xx_HAL_Driver/Src/stm32f1xx_hal.c.obj
 .debug_frame   0x00000578      0x12c CMakeFiles/Heating.elf.dir/Drivers/STM32F1xx_HAL_Driver/Src/stm32f1xx_hal_cortex.c.obj
 .debug_frame   0x000006a4       0xe8 CMakeFiles/Heating.elf.dir/Drivers/STM32F1xx_HAL_Driver/Src/stm32f1xx_hal_gpio.c.obj
 .debug_frame   0x0000078c      0x970 CMakeFiles/Heating.elf.dir/Drivers/STM32F1xx_HAL_Driver/Src/stm32f1xx_hal_i2c.c.obj
 .debug_frame   0x000010fc      0x190 CMakeFiles/Heating.elf.dir/Drivers/STM32F1xx_HAL_Driver/Src/stm32f1xx_hal_rcc.c.obj
 .debug_frame   0x0000128c       0x2c e:/clion_stm32_windows/gcc-arm-none-eabi/bin/../lib/gcc/arm-none-eabi/9.3.1/../../../../arm-none-eabi/lib/thumb/v7-m/nofp\libg.a(lib_a-init.o)
 .debug_frame   0x000012b8       0x5c e:/clion_stm32_windows/gcc-arm-none-eabi/bin/../lib/gcc/arm-none-eabi/9.3.1/../../../../arm-none-eabi/lib/thumb/v7-m/nofp\libg.a(lib_a-__call_atexit.o)
 .debug_frame   0x00001314       0x20 e:/clion_stm32_windows/gcc-arm-none-eabi/bin/../lib/gcc/arm-none-eabi/9.3.1/../../../../arm-none-eabi/lib/thumb/v7-m/nofp\libg.a(lib_a-atexit.o)
 .debug_frame   0x00001334       0x34 e:/clion_stm32_windows/gcc-arm-none-eabi/bin/../lib/gcc/arm-none-eabi/9.3.1/../../../../arm-none-eabi/lib/thumb/v7-m/nofp\libg.a(lib_a-fini.o)
 .debug_frame   0x00001368       0xb0 e:/clion_stm32_windows/gcc-arm-none-eabi/bin/../lib/gcc/arm-none-eabi/9.3.1/../../../../arm-none-eabi/lib/thumb/v7-m/nofp\libg.a(lib_a-lock.o)
 .debug_frame   0x00001418       0x34 e:/clion_stm32_windows/gcc-arm-none-eabi/bin/../lib/gcc/arm-none-eabi/9.3.1/../../../../arm-none-eabi/lib/thumb/v7-m/nofp\libg.a(lib_a-__atexit.o)

.debug_loc      0x00000000     0x5c95
 .debug_loc     0x00000000       0x67 CMakeFiles/Heating.elf.dir/Core/Src/i2c.c.obj
 .debug_loc     0x00000067       0x74 CMakeFiles/Heating.elf.dir/Core/Src/main.c.obj
 .debug_loc     0x000000db      0x6c6 CMakeFiles/Heating.elf.dir/Core/Src/oled.c.obj
 .debug_loc     0x000007a1       0x15 CMakeFiles/Heating.elf.dir/Core/Src/stm32f1xx_hal_msp.c.obj
 .debug_loc     0x000007b6       0xff CMakeFiles/Heating.elf.dir/Core/Src/system_stm32f1xx.c.obj
 .debug_loc     0x000008b5      0x141 CMakeFiles/Heating.elf.dir/Drivers/STM32F1xx_HAL_Driver/Src/stm32f1xx_hal.c.obj
 .debug_loc     0x000009f6      0x71f CMakeFiles/Heating.elf.dir/Drivers/STM32F1xx_HAL_Driver/Src/stm32f1xx_hal_cortex.c.obj
 .debug_loc     0x00001115      0x468 CMakeFiles/Heating.elf.dir/Drivers/STM32F1xx_HAL_Driver/Src/stm32f1xx_hal_gpio.c.obj
 .debug_loc     0x0000157d     0x4108 CMakeFiles/Heating.elf.dir/Drivers/STM32F1xx_HAL_Driver/Src/stm32f1xx_hal_i2c.c.obj
 .debug_loc     0x00005685      0x610 CMakeFiles/Heating.elf.dir/Drivers/STM32F1xx_HAL_Driver/Src/stm32f1xx_hal_rcc.c.obj
